<html>
<body>
<pre>
<h1>µVision Build Log</h1>
<h2>Tool Versions:</h2>
IDE-Version: ¦ÌVision V5.18a
Copyright (C) 2016 ARM Ltd and ARM Germany GmbH. All rights reserved.
License Information: 1 11, 1, LIC=LJWII-T9SPD-ZDYK6-D3SHV-BUKX5-E24TX
 
Tool Versions:
Toolchain:       MDK-ARM Professional  Version: 5.18a
Toolchain Path:  C:\Keil_v5\ARM\ARMCC\Bin
C Compiler:      Armcc.exe V5.06 update 1 (build 61)
Assembler:       Armasm.exe V5.06 update 1 (build 61)
Linker/Locator:  ArmLink.exe V5.06 update 1 (build 61)
Library Manager: ArmAr.exe V5.06 update 1 (build 61)
Hex Converter:   FromElf.exe V5.06 update 1 (build 61)
CPU DLL:         SARMCM3.DLL V5.18a
Dialog DLL:      DCM.DLL V1.13.6.0
Target DLL:      STLink\ST-LINKIII-KEIL_SWO.dll V2.0.18.0
Dialog DLL:      TCM.DLL V1.14.8.0
 
<h2>Project:</h2>
C:\Users\HaiFeng\Desktop\stm32l151c8t6a\MDK-ARM\stm32l151c8t6a.uvprojx
Project File Date:  12/07/2020

<h2>Output:</h2>
*** Using Compiler 'V5.06 update 1 (build 61)', folder: 'C:\Keil_v5\ARM\ARMCC\Bin'
Rebuild target 'stm32l151c8t6a'
assembling startup_stm32l151xba.s...
compiling main.c...
../Core/Src/main.c(132): warning:  #223-D: function "printf" declared implicitly
  		printf("uart test!\r\n");
../Core/Src/main.c: 1 warning, 0 errors
compiling gpio.c...
compiling adc.c...
compiling spi.c...
compiling usart.c...
compiling stm32l1xx_it.c...
compiling stm32l1xx_hal_msp.c...
compiling stm32l1xx_hal_adc_ex.c...
compiling stm32l1xx_hal_adc.c...
compiling stm32l1xx_hal.c...
compiling stm32l1xx_hal_rcc_ex.c...
compiling stm32l1xx_hal_rcc.c...
compiling stm32l1xx_hal_flash.c...
compiling stm32l1xx_hal_flash_ramfunc.c...
compiling stm32l1xx_hal_flash_ex.c...
compiling stm32l1xx_hal_dma.c...
compiling stm32l1xx_hal_gpio.c...
compiling stm32l1xx_hal_pwr.c...
compiling stm32l1xx_hal_pwr_ex.c...
compiling stm32l1xx_hal_cortex.c...
compiling stm32l1xx_hal_exti.c...
compiling stm32l1xx_hal_tim_ex.c...
compiling stm32l1xx_hal_tim.c...
compiling stm32l1xx_hal_spi.c...
compiling system_stm32l1xx.c...
compiling stm32l1xx_hal_uart.c...
linking...
Program Size: Code=6204 RO-data=312 RW-data=24 ZI-data=1264  
FromELF: creating hex file...
"stm32l151c8t6a\stm32l151c8t6a.axf" - 0 Error(s), 1 Warning(s).

<h2>Software Packages used:</h2>

Package Vendor: ARM
                http://www.keil.com/pack/ARM.CMSIS.4.5.0.pack
                ARM::CMSIS:CORE:4.3.0
                CMSIS (Cortex Microcontroller Software Interface Standard)
   * Component: CORE Version: 4.3.0

<h2>Collection of Component include folders:</h2>
  C:\Users\HaiFeng\Desktop\stm32l151c8t6a\MDK-ARM\RTE
  C:\Keil_v5\ARM\PACK\ARM\CMSIS\4.5.0\CMSIS\Include
  C:\Keil_v5\ARM\PACK\Keil\STM32L1xx_DFP\1.2.0\Device\Include

<h2>Collection of Component Files used:</h2>

   * Component: ARM::CMSIS:CORE:4.3.0
Build Time Elapsed:  00:00:21
</pre>
</body>
</html>
